{
  "version": "1.5.0",
  "plugins_used": [
    {
      "name": "ArtifactoryDetector"
    },
    {
      "name": "AWSKeyDetector"
    },
    {
      "name": "AzureStorageKeyDetector"
    },
    {
      "name": "Base64HighEntropyString",
      "limit": 4.5
    },
    {
      "name": "BasicAuthDetector"
    },
    {
      "name": "CloudantDetector"
    },
    {
      "name": "DiscordBotTokenDetector"
    },
    {
      "name": "GitHubTokenDetector"
    },
    {
      "name": "GitLabTokenDetector"
    },
    {
      "name": "HexHighEntropyString",
      "limit": 3.0
    },
    {
      "name": "IbmCloudIamDetector"
    },
    {
      "name": "IbmCosHmacDetector"
    },
    {
      "name": "IPPublicDetector"
    },
    {
      "name": "JwtTokenDetector"
    },
    {
      "name": "KeywordDetector",
      "keyword_exclude": ""
    },
    {
      "name": "MailchimpDetector"
    },
    {
      "name": "NpmDetector"
    },
    {
      "name": "OpenAIDetector"
    },
    {
      "name": "PrivateKeyDetector"
    },
    {
      "name": "PypiTokenDetector"
    },
    {
      "name": "SendGridDetector"
    },
    {
      "name": "SlackDetector"
    },
    {
      "name": "SoftlayerDetector"
    },
    {
      "name": "SquareOAuthDetector"
    },
    {
      "name": "StripeDetector"
    },
    {
      "name": "TelegramBotTokenDetector"
    },
    {
      "name": "TwilioKeyDetector"
    }
  ],
  "filters_used": [
    {
      "path": "detect_secrets.filters.allowlist.is_line_allowlisted"
    },
    {
      "path": "detect_secrets.filters.common.is_baseline_file",
      "filename": ".secrets.baseline"
    },
    {
      "path": "detect_secrets.filters.common.is_ignored_due_to_verification_policies",
      "min_level": 2
    },
    {
      "path": "detect_secrets.filters.heuristic.is_indirect_reference"
    },
    {
      "path": "detect_secrets.filters.heuristic.is_likely_id_string"
    },
    {
      "path": "detect_secrets.filters.heuristic.is_lock_file"
    },
    {
      "path": "detect_secrets.filters.heuristic.is_not_alphanumeric_string"
    },
    {
      "path": "detect_secrets.filters.heuristic.is_potential_uuid"
    },
    {
      "path": "detect_secrets.filters.heuristic.is_prefixed_with_dollar_sign"
    },
    {
      "path": "detect_secrets.filters.heuristic.is_sequential_string"
    },
    {
      "path": "detect_secrets.filters.heuristic.is_swagger_file"
    },
    {
      "path": "detect_secrets.filters.heuristic.is_templated_secret"
    },
    {
      "path": "detect_secrets.filters.regex.should_exclude_file",
      "pattern": [
        "\\.lock$|package-lock\\.json|\\.db$|test\\.db|backups/"
      ]
    }
  ],
  "results": {
    ".github/workflows/ci.yml": [
      {
        "type": "Secret Keyword",
        "filename": ".github/workflows/ci.yml",
        "hashed_secret": "eec69da96b4b2984741269925f0a8e46a1e03468",
        "is_verified": false,
        "line_number": 66
      }
    ],
    "backend/run_watchtower.sh": [
      {
        "type": "Secret Keyword",
        "filename": "backend/run_watchtower.sh",
        "hashed_secret": "f865b53623b121fd34ee5426c792e5c33af8c227",
        "is_verified": false,
        "line_number": 9
      }
    ],
    "backend/tests/conftest.py": [
      {
        "type": "Secret Keyword",
        "filename": "backend/tests/conftest.py",
        "hashed_secret": "1c58bd92003bbaa0538e249fff6ee19a270dec5f",
        "is_verified": false,
        "line_number": 107
      },
      {
        "type": "Secret Keyword",
        "filename": "backend/tests/conftest.py",
        "hashed_secret": "f865b53623b121fd34ee5426c792e5c33af8c227",
        "is_verified": false,
        "line_number": 181
      }
    ],
    "backend/tests/test_auth.py": [
      {
        "type": "Secret Keyword",
        "filename": "backend/tests/test_auth.py",
        "hashed_secret": "d8ecf7db8fc9ec9c31bc5c9ae2929cc599c75f8d",
        "is_verified": false,
        "line_number": 26
      },
      {
        "type": "Secret Keyword",
        "filename": "backend/tests/test_auth.py",
        "hashed_secret": "d869db7fe62fb07c25a0403ecaea55031744b5fb",
        "is_verified": false,
        "line_number": 36
      },
      {
        "type": "Secret Keyword",
        "filename": "backend/tests/test_auth.py",
        "hashed_secret": "1c58bd92003bbaa0538e249fff6ee19a270dec5f",
        "is_verified": false,
        "line_number": 66
      }
    ],
    "backend/tests/test_auth_security.py": [
      {
        "type": "Secret Keyword",
        "filename": "backend/tests/test_auth_security.py",
        "hashed_secret": "9391dacb680dd128210fa783de2b8f70c60e21db",
        "is_verified": false,
        "line_number": 61
      },
      {
        "type": "Secret Keyword",
        "filename": "backend/tests/test_auth_security.py",
        "hashed_secret": "6318553899daae2941718c02508aeee938af1a1c",
        "is_verified": false,
        "line_number": 91
      },
      {
        "type": "Secret Keyword",
        "filename": "backend/tests/test_auth_security.py",
        "hashed_secret": "87e467e680038e7822a9bc083cbeac2959280f57",
        "is_verified": false,
        "line_number": 116
      },
      {
        "type": "Secret Keyword",
        "filename": "backend/tests/test_auth_security.py",
        "hashed_secret": "4b4a5093d013d0d05de68bdc119efcb18780cf2c",
        "is_verified": false,
        "line_number": 131
      },
      {
        "type": "Secret Keyword",
        "filename": "backend/tests/test_auth_security.py",
        "hashed_secret": "faee0bfe89491418b5f8c32a22e67c8a4b25c089",
        "is_verified": false,
        "line_number": 139
      }
    ],
    "backend/tests/test_config.py": [
      {
        "type": "Secret Keyword",
        "filename": "backend/tests/test_config.py",
        "hashed_secret": "745d0b2380e21353d526db47a87158f2065563ee",
        "is_verified": false,
        "line_number": 20
      },
      {
        "type": "Secret Keyword",
        "filename": "backend/tests/test_config.py",
        "hashed_secret": "b83efb89100a5f11b5cb4418471326f6c5b669c7",
        "is_verified": false,
        "line_number": 21
      }
    ],
    "backend/tests/test_phase56_api.py": [
      {
        "type": "Secret Keyword",
        "filename": "backend/tests/test_phase56_api.py",
        "hashed_secret": "e48c47f1431afd3bb030deea266b4309e2228c5b",
        "is_verified": false,
        "line_number": 422
      },
      {
        "type": "Secret Keyword",
        "filename": "backend/tests/test_phase56_api.py",
        "hashed_secret": "ab2bf873e7a77f787d5c8b53d196c659cd146497",
        "is_verified": false,
        "line_number": 423
      }
    ],
    "backend/tests/test_webhook_security.py": [
      {
        "type": "Secret Keyword",
        "filename": "backend/tests/test_webhook_security.py",
        "hashed_secret": "e40ef29b7749f814bd9f1b54addf090003bec1bb",
        "is_verified": false,
        "line_number": 14
      },
      {
        "type": "Secret Keyword",
        "filename": "backend/tests/test_webhook_security.py",
        "hashed_secret": "2d69cffe1d40622d38f7a179f5879cf1d68a65cd",
        "is_verified": false,
        "line_number": 117
      },
      {
        "type": "Secret Keyword",
        "filename": "backend/tests/test_webhook_security.py",
        "hashed_secret": "0c731a5f1dc781894b434c27b9f6a9cd9d9bdfcb",
        "is_verified": false,
        "line_number": 128
      }
    ],
    "backend/watchtower_cron.py": [
      {
        "type": "Secret Keyword",
        "filename": "backend/watchtower_cron.py",
        "hashed_secret": "f865b53623b121fd34ee5426c792e5c33af8c227",
        "is_verified": false,
        "line_number": 15
      }
    ],
    "backend/watchtower_cron.sh": [
      {
        "type": "Secret Keyword",
        "filename": "backend/watchtower_cron.sh",
        "hashed_secret": "f865b53623b121fd34ee5426c792e5c33af8c227",
        "is_verified": false,
        "line_number": 7
      }
    ],
    "backend/watchtower_cron_run.py": [
      {
        "type": "Secret Keyword",
        "filename": "backend/watchtower_cron_run.py",
        "hashed_secret": "f865b53623b121fd34ee5426c792e5c33af8c227",
        "is_verified": false,
        "line_number": 20
      }
    ],
    "backend/watchtower_push.py": [
      {
        "type": "Secret Keyword",
        "filename": "backend/watchtower_push.py",
        "hashed_secret": "f865b53623b121fd34ee5426c792e5c33af8c227",
        "is_verified": false,
        "line_number": 20
      }
    ],
    "docker-compose.yml": [
      {
        "type": "Secret Keyword",
        "filename": "docker-compose.yml",
        "hashed_secret": "a5d109b58dfad93d0b2f98c591cc439ebf8e7e71",
        "is_verified": false,
        "line_number": 7
      },
      {
        "type": "Basic Auth Credentials",
        "filename": "docker-compose.yml",
        "hashed_secret": "a5d109b58dfad93d0b2f98c591cc439ebf8e7e71",
        "is_verified": false,
        "line_number": 30
      }
    ],
    "docs/STAGE13.md": [
      {
        "type": "Secret Keyword",
        "filename": "docs/STAGE13.md",
        "hashed_secret": "ef6866ce0a7d40aa9a2c8ad0c3ee75d3b586ab68",
        "is_verified": false,
        "line_number": 43
      }
    ],
    "perf/all-endpoints-100u.html": [
      {
        "type": "Base64 High Entropy String",
        "filename": "perf/all-endpoints-100u.html",
        "hashed_secret": "4722320724dff6dd592eaf6472c2133471b78f8e",
        "is_verified": false,
        "line_number": 132
      }
    ],
    "perf/all-endpoints-sustained-25u.html": [
      {
        "type": "Base64 High Entropy String",
        "filename": "perf/all-endpoints-sustained-25u.html",
        "hashed_secret": "4722320724dff6dd592eaf6472c2133471b78f8e",
        "is_verified": false,
        "line_number": 132
      }
    ],
    "perf/baseline-100u.html": [
      {
        "type": "Base64 High Entropy String",
        "filename": "perf/baseline-100u.html",
        "hashed_secret": "4722320724dff6dd592eaf6472c2133471b78f8e",
        "is_verified": false,
        "line_number": 132
      }
    ],
    "perf/baseline-10u.html": [
      {
        "type": "Base64 High Entropy String",
        "filename": "perf/baseline-10u.html",
        "hashed_secret": "4722320724dff6dd592eaf6472c2133471b78f8e",
        "is_verified": false,
        "line_number": 132
      }
    ],
    "perf/baseline-25u.html": [
      {
        "type": "Base64 High Entropy String",
        "filename": "perf/baseline-25u.html",
        "hashed_secret": "4722320724dff6dd592eaf6472c2133471b78f8e",
        "is_verified": false,
        "line_number": 132
      }
    ],
    "perf/baseline-50u.html": [
      {
        "type": "Base64 High Entropy String",
        "filename": "perf/baseline-50u.html",
        "hashed_secret": "4722320724dff6dd592eaf6472c2133471b78f8e",
        "is_verified": false,
        "line_number": 132
      }
    ],
    "perf/baseline-sustained-25u.html": [
      {
        "type": "Base64 High Entropy String",
        "filename": "perf/baseline-sustained-25u.html",
        "hashed_secret": "4722320724dff6dd592eaf6472c2133471b78f8e",
        "is_verified": false,
        "line_number": 132
      }
    ],
    "perf/cache-3endpoints-100u.html": [
      {
        "type": "Base64 High Entropy String",
        "filename": "perf/cache-3endpoints-100u.html",
        "hashed_secret": "4722320724dff6dd592eaf6472c2133471b78f8e",
        "is_verified": false,
        "line_number": 132
      }
    ],
    "perf/cache-3endpoints-50u.html": [
      {
        "type": "Base64 High Entropy String",
        "filename": "perf/cache-3endpoints-50u.html",
        "hashed_secret": "4722320724dff6dd592eaf6472c2133471b78f8e",
        "is_verified": false,
        "line_number": 132
      }
    ],
    "perf/cache-3endpoints-sustained-25u.html": [
      {
        "type": "Base64 High Entropy String",
        "filename": "perf/cache-3endpoints-sustained-25u.html",
        "hashed_secret": "4722320724dff6dd592eaf6472c2133471b78f8e",
        "is_verified": false,
        "line_number": 132
      }
    ],
    "perf/final-sustained-25u.html": [
      {
        "type": "Base64 High Entropy String",
        "filename": "perf/final-sustained-25u.html",
        "hashed_secret": "4722320724dff6dd592eaf6472c2133471b78f8e",
        "is_verified": false,
        "line_number": 132
      }
    ],
    "perf/gunicorn-100u.html": [
      {
        "type": "Base64 High Entropy String",
        "filename": "perf/gunicorn-100u.html",
        "hashed_secret": "4722320724dff6dd592eaf6472c2133471b78f8e",
        "is_verified": false,
        "line_number": 132
      }
    ],
    "perf/gunicorn-50u.html": [
      {
        "type": "Base64 High Entropy String",
        "filename": "perf/gunicorn-50u.html",
        "hashed_secret": "4722320724dff6dd592eaf6472c2133471b78f8e",
        "is_verified": false,
        "line_number": 132
      }
    ],
    "perf/gunicorn-cache-100u.html": [
      {
        "type": "Base64 High Entropy String",
        "filename": "perf/gunicorn-cache-100u.html",
        "hashed_secret": "4722320724dff6dd592eaf6472c2133471b78f8e",
        "is_verified": false,
        "line_number": 132
      }
    ],
    "perf/gunicorn-cache-200u.html": [
      {
        "type": "Base64 High Entropy String",
        "filename": "perf/gunicorn-cache-200u.html",
        "hashed_secret": "4722320724dff6dd592eaf6472c2133471b78f8e",
        "is_verified": false,
        "line_number": 132
      }
    ],
    "perf/gunicorn-cache-300u.html": [
      {
        "type": "Base64 High Entropy String",
        "filename": "perf/gunicorn-cache-300u.html",
        "hashed_secret": "4722320724dff6dd592eaf6472c2133471b78f8e",
        "is_verified": false,
        "line_number": 132
      }
    ],
    "perf/gunicorn-cache-50u.html": [
      {
        "type": "Base64 High Entropy String",
        "filename": "perf/gunicorn-cache-50u.html",
        "hashed_secret": "4722320724dff6dd592eaf6472c2133471b78f8e",
        "is_verified": false,
        "line_number": 132
      }
    ],
    "perf/gunicorn-cache-sustained-25u.html": [
      {
        "type": "Base64 High Entropy String",
        "filename": "perf/gunicorn-cache-sustained-25u.html",
        "hashed_secret": "4722320724dff6dd592eaf6472c2133471b78f8e",
        "is_verified": false,
        "line_number": 132
      }
    ],
    "perf/locustfile.py": [
      {
        "type": "Secret Keyword",
        "filename": "perf/locustfile.py",
        "hashed_secret": "f865b53623b121fd34ee5426c792e5c33af8c227",
        "is_verified": false,
        "line_number": 24
      }
    ],
    "perf/v3-stats-100u.html": [
      {
        "type": "Base64 High Entropy String",
        "filename": "perf/v3-stats-100u.html",
        "hashed_secret": "4722320724dff6dd592eaf6472c2133471b78f8e",
        "is_verified": false,
        "line_number": 132
      }
    ],
    "perf/v3-stats-sustained-25u.html": [
      {
        "type": "Base64 High Entropy String",
        "filename": "perf/v3-stats-sustained-25u.html",
        "hashed_secret": "4722320724dff6dd592eaf6472c2133471b78f8e",
        "is_verified": false,
        "line_number": 132
      }
    ],
    "perf/v4-final-sustained-25u.html": [
      {
        "type": "Base64 High Entropy String",
        "filename": "perf/v4-final-sustained-25u.html",
        "hashed_secret": "4722320724dff6dd592eaf6472c2133471b78f8e",
        "is_verified": false,
        "line_number": 132
      }
    ],
    "perf/v5-fix-25u.html": [
      {
        "type": "Base64 High Entropy String",
        "filename": "perf/v5-fix-25u.html",
        "hashed_secret": "4722320724dff6dd592eaf6472c2133471b78f8e",
        "is_verified": false,
        "line_number": 132
      }
    ],
    "perf/v5-fix-sustained-25u.html": [
      {
        "type": "Base64 High Entropy String",
        "filename": "perf/v5-fix-sustained-25u.html",
        "hashed_secret": "4722320724dff6dd592eaf6472c2133471b78f8e",
        "is_verified": false,
        "line_number": 132
      }
    ],
    "perf/v5-saturated-100u.html": [
      {
        "type": "Base64 High Entropy String",
        "filename": "perf/v5-saturated-100u.html",
        "hashed_secret": "4722320724dff6dd592eaf6472c2133471b78f8e",
        "is_verified": false,
        "line_number": 132
      }
    ],
    "perf/v5-smoke-25u.html": [
      {
        "type": "Base64 High Entropy String",
        "filename": "perf/v5-smoke-25u.html",
        "hashed_secret": "4722320724dff6dd592eaf6472c2133471b78f8e",
        "is_verified": false,
        "line_number": 132
      }
    ],
    "perf/v5-sustained-25u.html": [
      {
        "type": "Base64 High Entropy String",
        "filename": "perf/v5-sustained-25u.html",
        "hashed_secret": "4722320724dff6dd592eaf6472c2133471b78f8e",
        "is_verified": false,
        "line_number": 132
      }
    ],
    "perf/v6-split-10u.html": [
      {
        "type": "Base64 High Entropy String",
        "filename": "perf/v6-split-10u.html",
        "hashed_secret": "4722320724dff6dd592eaf6472c2133471b78f8e",
        "is_verified": false,
        "line_number": 132
      }
    ],
    "perf/v6-stage1-25u.html": [
      {
        "type": "Base64 High Entropy String",
        "filename": "perf/v6-stage1-25u.html",
        "hashed_secret": "4722320724dff6dd592eaf6472c2133471b78f8e",
        "is_verified": false,
        "line_number": 132
      }
    ],
    "scripts/ops-alert.sh": [
      {
        "type": "Secret Keyword",
        "filename": "scripts/ops-alert.sh",
        "hashed_secret": "f865b53623b121fd34ee5426c792e5c33af8c227",
        "is_verified": false,
        "line_number": 93
      }
    ],
    "scripts/verify-customer-list.py": [
      {
        "type": "Secret Keyword",
        "filename": "scripts/verify-customer-list.py",
        "hashed_secret": "f865b53623b121fd34ee5426c792e5c33af8c227",
        "is_verified": false,
        "line_number": 28
      }
    ]
  },
  "generated_at": "2026-06-11T10:59:56Z"
}
